Copyright 1986-2015 Xilinx, Inc. All Rights Reserved.
------------------------------------------------------------------------------------
| Tool Version : Vivado v.2015.2 (win64) Build 1266856 Fri Jun 26 16:35:25 MDT 2015
| Date         : Sat Sep 12 16:52:50 2015
| Host         : NICOLSGEBAU149C running 64-bit major release  (build 9200)
| Command      : report_control_sets -verbose -file Basys3_control_sets_placed.rpt
| Design       : Basys3
| Device       : xc7a35t
------------------------------------------------------------------------------------

Control Set Information

Table of Contents
-----------------
1. Summary
2. Flip-Flop Distribution
3. Detailed Control Set Information

1. Summary
----------

+-------------------------------------------------------------------+-------+
|                               Status                              | Count |
+-------------------------------------------------------------------+-------+
| Number of unique control sets                                     |     6 |
| Minimum Number of register sites lost to control set restrictions |    21 |
+-------------------------------------------------------------------+-------+


2. Flip-Flop Distribution
-------------------------

+--------------+-----------------------+------------------------+-----------------+--------------+
| Clock Enable | Synchronous Set/Reset | Asynchronous Set/Reset | Total Registers | Total Slices |
+--------------+-----------------------+------------------------+-----------------+--------------+
| No           | No                    | No                     |               1 |            1 |
| No           | No                    | Yes                    |               0 |            0 |
| No           | Yes                   | No                     |              54 |           14 |
| Yes          | No                    | No                     |              32 |            8 |
| Yes          | No                    | Yes                    |               0 |            0 |
| Yes          | Yes                   | No                     |               4 |            3 |
+--------------+-----------------------+------------------------+-----------------+--------------+


3. Detailed Control Set Information
-----------------------------------

+----------------------+-----------------------------+----------------------------------------+------------------+----------------+
|     Clock Signal     |        Enable Signal        |            Set/Reset Signal            | Slice Load Count | Bel Load Count |
+----------------------+-----------------------------+----------------------------------------+------------------+----------------+
|  clk_IBUF_BUFG       |                             |                                        |                1 |              1 |
|  clk_IBUF_BUFG       | inst_Led_Driver/eqOp        | inst_Led_Driver/segment_var[3]_i_1_n_0 |                3 |              4 |
|  internal_clock_BUFG | inst_RegB/reg[0]_i_1__0_n_0 |                                        |                4 |             16 |
|  internal_clock_BUFG | inst_RegA/reg[0]_i_1_n_0    |                                        |                4 |             16 |
|  clk_IBUF_BUFG       |                             | inst_Led_Driver/eqOp                   |                7 |             27 |
|  clk_IBUF_BUFG       |                             | inst_Clock_Divider/clear               |                7 |             27 |
+----------------------+-----------------------------+----------------------------------------+------------------+----------------+


